******************************************************************************
                  MSP430 Linker PC v16.9.4                     
******************************************************************************
>> Linked Fri Dec 01 13:31:11 2017

OUTPUT FILE NAME:   <Capstone.out>
ENTRY POINT SYMBOL: "_c_int00_noargs_noexit"  address: 0000f276


MEMORY CONFIGURATION

         name            origin    length      used     unused   attr    fill
----------------------  --------  ---------  --------  --------  ----  --------
  SFR                   00000000   00000010  00000000  00000010  RWIX
  PERIPHERALS_8BIT      00000010   000000f0  00000000  000000f0  RWIX
  PERIPHERALS_16BIT     00000100   00000100  00000000  00000100  RWIX
  RAM                   00000200   00000200  00000052  000001ae  RWIX
  INFOD                 00001000   00000040  00000000  00000040  RWIX
  INFOC                 00001040   00000040  00000000  00000040  RWIX
  INFOB                 00001080   00000040  00000000  00000040  RWIX
  INFOA                 000010c0   00000040  00000000  00000040  RWIX
  FLASH                 0000c000   00003fde  000033e6  00000bf8  RWIX
  BSLSIGNATURE          0000ffde   00000002  00000002  00000000  RWIX  ffff 
  INT00                 0000ffe0   00000002  00000002  00000000  RWIX
  INT01                 0000ffe2   00000002  00000000  00000002  RWIX
  INT02                 0000ffe4   00000002  00000002  00000000  RWIX
  INT03                 0000ffe6   00000002  00000002  00000000  RWIX
  INT04                 0000ffe8   00000002  00000000  00000002  RWIX
  INT05                 0000ffea   00000002  00000002  00000000  RWIX
  INT06                 0000ffec   00000002  00000002  00000000  RWIX
  INT07                 0000ffee   00000002  00000002  00000000  RWIX
  INT08                 0000fff0   00000002  00000002  00000000  RWIX
  INT09                 0000fff2   00000002  00000002  00000000  RWIX
  INT10                 0000fff4   00000002  00000002  00000000  RWIX
  INT11                 0000fff6   00000002  00000002  00000000  RWIX
  INT12                 0000fff8   00000002  00000002  00000000  RWIX
  INT13                 0000fffa   00000002  00000002  00000000  RWIX
  INT14                 0000fffc   00000002  00000002  00000000  RWIX
  RESET                 0000fffe   00000002  00000002  00000000  RWIX


SECTION ALLOCATION MAP

 output                                  attributes/
section   page    origin      length       input sections
--------  ----  ----------  ----------   ----------------
.data      0    00000200    00000002     UNINITIALIZED
                  00000200    00000002     rts430_eabi.lib : errno.obj (.data)

.stack     0    000003b0    00000050     UNINITIALIZED
                  000003b0    00000002     rts430_eabi.lib : boot.obj (.stack)
                  000003b2    0000004e     --HOLE--

.text      0    0000c000    0000338e     
                  0000c000    00001168     rts430_eabi.lib : e_pow.obj (.text:pow)
                  0000d168    00000480                     : frcdivd.obj (.text:__TI_frcdivd)
                  0000d5e8    000002f8                     : e_sqrt.obj (.text:sqrt)
                  0000d8e0    000002e8                     : addd.obj (.text:__mspabi_addd)
                  0000dbc8    00000286                     : frcmpyd.obj (.text:__TI_frcmpyd)
                  0000de4e    0000026e                     : mpyd.obj (.text:__mspabi_mpyd)
                  0000e0bc    00000260                     : frcaddd.obj (.text:__TI_frcaddd)
                  0000e31c    00000238                     : divd.obj (.text:__mspabi_divd)
                  0000e554    000001a4                     : s_scalbn.obj (.text:scalbn)
                  0000e6f8    00000132                     : fs_add.obj (.text)
                  0000e82a    000000dc                     : cmpd.obj (.text:__mspabi_cmpd)
                  0000e906    000000be                     : renormd.obj (.text:__TI_renormd)
                  0000e9c4    000000ac                     : fltlid.obj (.text:__mspabi_fltlid)
                  0000ea70    000000a4     main.obj (.text:ftoa)
                  0000eb14    0000008c     rts430_eabi.lib : cvtdf.obj (.text:__mspabi_cvtdf)
                  0000eba0    0000007c                     : copy_decompress_lzss.obj (.text:decompress:lzss:__TI_decompress_lzss)
                  0000ec1c    00000072                     : cvtfd.obj (.text:__mspabi_cvtfd)
                  0000ec8e    0000006e                     : autoinit.obj (.text:_auto_init)
                  0000ecfc    00000068     main.obj (.text:intToStr)
                  0000ed64    00000068     rts430_eabi.lib : fs_toi.obj (.text)
                  0000edcc    0000005c                     : lsr32.obj (.text:l_lsr_const)
                  0000ee28    0000005a                     : cpy_tbl.obj (.text:copy_in)
                  0000ee82    0000005a     main.obj (.text:main)
                  0000eedc    00000058     lcd.obj (.text:lcd_init)
                  0000ef34    0000004c     rts430_eabi.lib : lsr16.obj (.text)
                  0000ef80    0000004a                     : fs_cmp.obj (.text)
                  0000efca    0000003e                     : asr32.obj (.text:l_asr_const)
                  0000f008    0000003e                     : lsl32.obj (.text:l_lsl_const)
                  0000f046    0000003a     lcd.obj (.text:send_nibble)
                  0000f080    00000036     rts430_eabi.lib : fs_itof.obj (.text)
                  0000f0b6    00000030     main.obj (.text:reverse)
                  0000f0e6    0000002e     rts430_eabi.lib : subd.obj (.text:__mspabi_subd)
                  0000f114    0000002e                     : s_copysign.obj (.text:copysign)
                  0000f142    0000002c                     : asr16.obj (.text)
                  0000f16e    0000002c                     : div16s.obj (.text)
                  0000f19a    0000002c                     : lsl16.obj (.text)
                  0000f1c6    0000002a                     : negd.obj (.text:__mspabi_negd)
                  0000f1f0    00000026                     : mult32.obj (.text)
                  0000f216    00000022     lcd.obj (.text:send_command)
                  0000f238    00000022     lcd.obj (.text:send_data)
                  0000f25a    0000001c     lcd.obj (.text:check_busy)
                  0000f276    0000001a     rts430_eabi.lib : boot_special.obj (.text:_c_int00_noargs_noexit)
                  0000f290    00000016                     : div16u.obj (.text)
                  0000f2a6    00000016     lcd.obj (.text:set_data_pins)
                  0000f2bc    00000014     rts430_eabi.lib : mult16.obj (.text)
                  0000f2d0    00000014     lcd.obj (.text:send_string)
                  0000f2e4    00000012     rts430_eabi.lib : copy_decompress_none.obj (.text:decompress:none:__TI_decompress_none)
                  0000f2f6    00000012                     : lsr32.obj (.text:l_lsr)
                  0000f308    00000012                     : memcpy.obj (.text:memcpy)
                  0000f31a    00000010                     : asr32.obj (.text:l_asr)
                  0000f32a    00000010                     : lsl32.obj (.text:l_lsl)
                  0000f33a    00000010                     : epilog.obj (.text)
                  0000f34a    0000000e     main.obj (.text:ConfigureClockModule)
                  0000f358    0000000e     lcd.obj (.text:data_comm)
                  0000f366    0000000c     rts430_eabi.lib : fltid.obj (.text:__mspabi_fltid)
                  0000f372    00000008                     : isr_trap.obj (.text:_isr:__TI_ISR_TRAP)
                  0000f37a    00000008     weigher.obj (.text:readWeight)
                  0000f382    00000006     rts430_eabi.lib : exit.obj (.text:abort)
                  0000f388    00000004                     : pre_init.obj (.text:_system_pre_init)
                  0000f38c    00000002                     : startup.obj (.text:_system_post_cinit)

.binit     0    0000c000    00000000     

.const     0    0000f38e    0000004a     
                  0000f38e    0000001a     main.obj (.const:.string)
                  0000f3a8    00000010     rts430_eabi.lib : e_pow.obj (.const:bp)
                  0000f3b8    00000010                     : e_pow.obj (.const:dp_h)
                  0000f3c8    00000010                     : e_pow.obj (.const:dp_l)

.cinit     0    0000f3d8    0000000e     
                  0000f3d8    00000006     (.cinit..data.load) [load image]
                  0000f3de    00000004     (__TI_handler_table)
                  0000f3e2    00000004     (__TI_cinit_table)

.init_array 
*          0    0000c000    00000000     UNINITIALIZED

TRAPINT    0    0000ffe0    00000002     
                  0000ffe0    00000002     rts430_eabi.lib : int00.obj (.int00)

PORT1      0    0000ffe4    00000002     
                  0000ffe4    00000002     rts430_eabi.lib : int02.obj (.int02)

PORT2      0    0000ffe6    00000002     
                  0000ffe6    00000002     rts430_eabi.lib : int03.obj (.int03)

$fill000   0    0000ffde    00000002     
                  0000ffde    00000002     --HOLE-- [fill = ffff]

ADC10      0    0000ffea    00000002     
                  0000ffea    00000002     rts430_eabi.lib : int05.obj (.int05)

USCIAB0TX 
*          0    0000ffec    00000002     
                  0000ffec    00000002     rts430_eabi.lib : int06.obj (.int06)

USCIAB0RX 
*          0    0000ffee    00000002     
                  0000ffee    00000002     rts430_eabi.lib : int07.obj (.int07)

TIMER0_A1 
*          0    0000fff0    00000002     
                  0000fff0    00000002     rts430_eabi.lib : int08.obj (.int08)

TIMER0_A0 
*          0    0000fff2    00000002     
                  0000fff2    00000002     rts430_eabi.lib : int09.obj (.int09)

WDT        0    0000fff4    00000002     
                  0000fff4    00000002     rts430_eabi.lib : int10.obj (.int10)

COMPARATORA 
*          0    0000fff6    00000002     
                  0000fff6    00000002     rts430_eabi.lib : int11.obj (.int11)

TIMER1_A1 
*          0    0000fff8    00000002     
                  0000fff8    00000002     rts430_eabi.lib : int12.obj (.int12)

TIMER1_A0 
*          0    0000fffa    00000002     
                  0000fffa    00000002     rts430_eabi.lib : int13.obj (.int13)

NMI        0    0000fffc    00000002     
                  0000fffc    00000002     rts430_eabi.lib : int14.obj (.int14)

.reset     0    0000fffe    00000002     
                  0000fffe    00000002     rts430_eabi.lib : boot.obj (.reset)

MODULE SUMMARY

       Module                     code    ro data   rw data
       ------                     ----    -------   -------
    .\
       main.obj                   420     26        0      
       lcd.obj                    298     0         0      
       weigher.obj                8       0         0      
    +--+--------------------------+-------+---------+---------+
       Total:                     726     26        0      
                                                           
    C:\ti\ccsv7\tools\compiler\ti-cgt-msp430_16.9.4.LTS\lib\rts430_eabi.lib
       e_pow.obj                  4456    48        0      
       frcdivd.obj                1152    0         0      
       e_sqrt.obj                 760     0         0      
       addd.obj                   744     0         0      
       frcmpyd.obj                646     0         0      
       mpyd.obj                   622     0         0      
       frcaddd.obj                608     0         0      
       divd.obj                   568     0         0      
       s_scalbn.obj               420     0         0      
       fs_add.obj                 306     0         0      
       cmpd.obj                   220     0         0      
       renormd.obj                190     0         0      
       fltlid.obj                 172     0         0      
       cvtdf.obj                  140     0         0      
       copy_decompress_lzss.obj   124     0         0      
       cvtfd.obj                  114     0         0      
       autoinit.obj               110     0         0      
       lsr32.obj                  110     0         0      
       fs_toi.obj                 104     0         0      
       cpy_tbl.obj                90      0         0      
       asr32.obj                  78      0         0      
       lsl32.obj                  78      0         0      
       lsr16.obj                  76      0         0      
       fs_cmp.obj                 74      0         0      
       fs_itof.obj                54      0         0      
       s_copysign.obj             46      0         0      
       subd.obj                   46      0         0      
       asr16.obj                  44      0         0      
       div16s.obj                 44      0         0      
       lsl16.obj                  44      0         0      
       negd.obj                   42      0         0      
       mult32.obj                 38      0         0      
       boot_special.obj           26      0         0      
       div16u.obj                 22      0         0      
       mult16.obj                 20      0         0      
       copy_decompress_none.obj   18      0         0      
       memcpy.obj                 18      0         0      
       epilog.obj                 16      0         0      
       fltid.obj                  12      0         0      
       isr_trap.obj               8       0         0      
       exit.obj                   6       0         0      
       pre_init.obj               4       0         0      
       boot.obj                   0       2         0      
       errno.obj                  0       0         2      
       int00.obj                  0       2         0      
       int02.obj                  0       2         0      
       int03.obj                  0       2         0      
       int05.obj                  0       2         0      
       int06.obj                  0       2         0      
       int07.obj                  0       2         0      
       int08.obj                  0       2         0      
       int09.obj                  0       2         0      
       int10.obj                  0       2         0      
       int11.obj                  0       2         0      
       int12.obj                  0       2         0      
       int13.obj                  0       2         0      
       int14.obj                  0       2         0      
       startup.obj                2       0         0      
    +--+--------------------------+-------+---------+---------+
       Total:                     12472   76        2      
                                                           
       Stack:                     0       0         80     
       Linker Generated:          0       14        0      
    +--+--------------------------+-------+---------+---------+
       Grand Total:               13198   116       82     


LINKER GENERATED COPY TABLES

__TI_cinit_table @ 0000f3e2 records: 1, size/record: 4, table size: 4
	.data: load addr=0000f3d8, load size=00000006 bytes, run addr=00000200, run size=00000002 bytes, compression=copy


LINKER GENERATED HANDLER TABLE

__TI_handler_table @ 0000f3de records: 2, size/record: 2, table size: 4
	index: 0, handler: __TI_decompress_lzss
	index: 1, handler: __TI_decompress_none


GLOBAL SYMBOLS: SORTED ALPHABETICALLY BY Name 

address   name                    
-------   ----                    
0000004a  ADC10AE0                
000001b0  ADC10CTL0               
000001b2  ADC10CTL1               
00000048  ADC10DTC0               
00000049  ADC10DTC1               
000001b4  ADC10MEM                
000001bc  ADC10SA                 
00000057  BCSCTL1                 
00000058  BCSCTL2                 
00000053  BCSCTL3                 
0000f382  C$$EXIT                 
00000059  CACTL1                  
0000005a  CACTL2                  
000010fb  CALBC1_12MHZ            
000010f9  CALBC1_16MHZ            
000010ff  CALBC1_1MHZ             
000010fd  CALBC1_8MHZ             
000010fa  CALDCO_12MHZ            
000010f8  CALDCO_16MHZ            
000010fe  CALDCO_1MHZ             
000010fc  CALDCO_8MHZ             
0000005b  CAPD                    
0000f34a  ConfigureClockModule    
00000056  DCOCTL                  
00000128  FCTL1                   
0000012a  FCTL2                   
0000012c  FCTL3                   
00000000  IE1                     
00000001  IE2                     
00000002  IFG1                    
00000003  IFG2                    
00000022  P1DIR                   
00000025  P1IE                    
00000024  P1IES                   
00000023  P1IFG                   
00000020  P1IN                    
00000021  P1OUT                   
00000027  P1REN                   
00000026  P1SEL                   
00000041  P1SEL2                  
0000002a  P2DIR                   
0000002d  P2IE                    
0000002c  P2IES                   
0000002b  P2IFG                   
00000028  P2IN                    
00000029  P2OUT                   
0000002f  P2REN                   
0000002e  P2SEL                   
00000042  P2SEL2                  
0000001a  P3DIR                   
00000018  P3IN                    
00000019  P3OUT                   
00000010  P3REN                   
0000001b  P3SEL                   
00000043  P3SEL2                  
00000172  TA0CCR0                 
00000174  TA0CCR1                 
00000176  TA0CCR2                 
00000162  TA0CCTL0                
00000164  TA0CCTL1                
00000166  TA0CCTL2                
00000160  TA0CTL                  
0000012e  TA0IV                   
00000170  TA0R                    
00000192  TA1CCR0                 
00000194  TA1CCR1                 
00000196  TA1CCR2                 
00000182  TA1CCTL0                
00000184  TA1CCTL1                
00000186  TA1CCTL2                
00000180  TA1CTL                  
0000011e  TA1IV                   
00000190  TA1R                    
000010db  TLV_ADC10_1_LEN         
000010da  TLV_ADC10_1_TAG         
000010c0  TLV_CHECKSUM            
000010f7  TLV_DCO_30_LEN          
000010f6  TLV_DCO_30_TAG          
0000005d  UCA0ABCTL               
00000062  UCA0BR0                 
00000063  UCA0BR1                 
00000060  UCA0CTL0                
00000061  UCA0CTL1                
0000005f  UCA0IRRCTL              
0000005e  UCA0IRTCTL              
00000064  UCA0MCTL                
00000066  UCA0RXBUF               
00000065  UCA0STAT                
00000067  UCA0TXBUF               
0000006a  UCB0BR0                 
0000006b  UCB0BR1                 
00000068  UCB0CTL0                
00000069  UCB0CTL1                
0000006c  UCB0I2CIE               
00000118  UCB0I2COA               
0000011a  UCB0I2CSA               
0000006e  UCB0RXBUF               
0000006d  UCB0STAT                
0000006f  UCB0TXBUF               
00000120  WDTCTL                  
00000400  __STACK_END             
00000050  __STACK_SIZE            
UNDEFED   __TI_BINIT_Base         
UNDEFED   __TI_BINIT_Limit        
0000f3e2  __TI_CINIT_Base         
0000f3e6  __TI_CINIT_Limit        
0000f3de  __TI_Handler_Table_Base 
0000f3e2  __TI_Handler_Table_Limit
UNDEFED   __TI_INITARRAY_Base     
UNDEFED   __TI_INITARRAY_Limit    
0000f372  __TI_ISR_TRAP           
0000eba0  __TI_decompress_lzss    
0000f2e4  __TI_decompress_none    
0000e0bc  __TI_frcaddd            
0000d168  __TI_frcdivd            
0000dbc8  __TI_frcmpyd            
0000ffe0  __TI_int00              
0000ffe4  __TI_int02              
0000ffe6  __TI_int03              
0000ffea  __TI_int05              
0000ffec  __TI_int06              
0000ffee  __TI_int07              
0000fff0  __TI_int08              
0000fff2  __TI_int09              
0000fff4  __TI_int10              
0000fff6  __TI_int11              
0000fff8  __TI_int12              
0000fffa  __TI_int13              
0000fffc  __TI_int14              
ffffffff  __TI_pprof_out_hndl     
ffffffff  __TI_prof_data_size     
ffffffff  __TI_prof_data_start    
0000e906  __TI_renormd            
ffffffff  __c_args__              
0000d8e0  __mspabi_addd           
0000e6fe  __mspabi_addf           
0000e82a  __mspabi_cmpd           
0000ef80  __mspabi_cmpf           
0000eb14  __mspabi_cvtdf          
0000ec1c  __mspabi_cvtfd          
0000e31c  __mspabi_divd           
0000f16e  __mspabi_divi           
0000f290  __mspabi_divu           
0000ed64  __mspabi_fixfi          
0000f366  __mspabi_fltid          
0000f080  __mspabi_fltif          
0000e9c4  __mspabi_fltlid         
0000f346  __mspabi_func_epilog_1  
0000f344  __mspabi_func_epilog_2  
0000f342  __mspabi_func_epilog_3  
0000f340  __mspabi_func_epilog_4  
0000f33e  __mspabi_func_epilog_5  
0000f33c  __mspabi_func_epilog_6  
0000f33a  __mspabi_func_epilog_7  
0000de4e  __mspabi_mpyd           
0000f2bc  __mspabi_mpyi           
0000f2bc  __mspabi_mpyi_sw        
0000f1f0  __mspabi_mpyl           
0000f1f0  __mspabi_mpyl_sw        
0000f1c6  __mspabi_negd           
0000f16e  __mspabi_remi           
0000f290  __mspabi_remu           
0000f19a  __mspabi_slli           
0000f1c2  __mspabi_slli_1         
0000f1b0  __mspabi_slli_10        
0000f1ae  __mspabi_slli_11        
0000f1ac  __mspabi_slli_12        
0000f1aa  __mspabi_slli_13        
0000f1a8  __mspabi_slli_14        
0000f1a6  __mspabi_slli_15        
0000f1c0  __mspabi_slli_2         
0000f1be  __mspabi_slli_3         
0000f1bc  __mspabi_slli_4         
0000f1ba  __mspabi_slli_5         
0000f1b8  __mspabi_slli_6         
0000f1b6  __mspabi_slli_7         
0000f1b4  __mspabi_slli_8         
0000f1b2  __mspabi_slli_9         
0000f32a  __mspabi_slll           
0000f040  __mspabi_slll_1         
0000f01c  __mspabi_slll_10        
0000f018  __mspabi_slll_11        
0000f014  __mspabi_slll_12        
0000f010  __mspabi_slll_13        
0000f00c  __mspabi_slll_14        
0000f008  __mspabi_slll_15        
0000f03c  __mspabi_slll_2         
0000f038  __mspabi_slll_3         
0000f034  __mspabi_slll_4         
0000f030  __mspabi_slll_5         
0000f02c  __mspabi_slll_6         
0000f028  __mspabi_slll_7         
0000f024  __mspabi_slll_8         
0000f020  __mspabi_slll_9         
0000f142  __mspabi_srai           
0000f16a  __mspabi_srai_1         
0000f158  __mspabi_srai_10        
0000f156  __mspabi_srai_11        
0000f154  __mspabi_srai_12        
0000f152  __mspabi_srai_13        
0000f150  __mspabi_srai_14        
0000f14e  __mspabi_srai_15        
0000f168  __mspabi_srai_2         
0000f166  __mspabi_srai_3         
0000f164  __mspabi_srai_4         
0000f162  __mspabi_srai_5         
0000f160  __mspabi_srai_6         
0000f15e  __mspabi_srai_7         
0000f15c  __mspabi_srai_8         
0000f15a  __mspabi_srai_9         
0000f31a  __mspabi_sral           
0000f002  __mspabi_sral_1         
0000efde  __mspabi_sral_10        
0000efda  __mspabi_sral_11        
0000efd6  __mspabi_sral_12        
0000efd2  __mspabi_sral_13        
0000efce  __mspabi_sral_14        
0000efca  __mspabi_sral_15        
0000effe  __mspabi_sral_2         
0000effa  __mspabi_sral_3         
0000eff6  __mspabi_sral_4         
0000eff2  __mspabi_sral_5         
0000efee  __mspabi_sral_6         
0000efea  __mspabi_sral_7         
0000efe6  __mspabi_sral_8         
0000efe2  __mspabi_sral_9         
0000ef34  __mspabi_srli           
0000ef7a  __mspabi_srli_1         
0000ef56  __mspabi_srli_10        
0000ef52  __mspabi_srli_11        
0000ef4e  __mspabi_srli_12        
0000ef4a  __mspabi_srli_13        
0000ef46  __mspabi_srli_14        
0000ef42  __mspabi_srli_15        
0000ef76  __mspabi_srli_2         
0000ef72  __mspabi_srli_3         
0000ef6e  __mspabi_srli_4         
0000ef6a  __mspabi_srli_5         
0000ef66  __mspabi_srli_6         
0000ef62  __mspabi_srli_7         
0000ef5e  __mspabi_srli_8         
0000ef5a  __mspabi_srli_9         
0000f2f6  __mspabi_srll           
0000ee20  __mspabi_srll_1         
0000edea  __mspabi_srll_10        
0000ede4  __mspabi_srll_11        
0000edde  __mspabi_srll_12        
0000edd8  __mspabi_srll_13        
0000edd2  __mspabi_srll_14        
0000edcc  __mspabi_srll_15        
0000ee1a  __mspabi_srll_2         
0000ee14  __mspabi_srll_3         
0000ee0e  __mspabi_srll_4         
0000ee08  __mspabi_srll_5         
0000ee02  __mspabi_srll_6         
0000edfc  __mspabi_srll_7         
0000edf6  __mspabi_srll_8         
0000edf0  __mspabi_srll_9         
0000f0e6  __mspabi_subd           
0000e6f8  __mspabi_subf           
0000ec8e  _auto_init              
0000f276  _c_int00_noargs_noexit  
0000fffe  _reset_vector           
000003b0  _stack                  
0000f38c  _system_post_cinit      
0000f388  _system_pre_init        
0000f382  abort                   
0000f25a  check_busy              
0000ee28  copy_in                 
0000f114  copysign                
0000f114  copysignl               
0000f358  data_comm               
00000200  errno                   
0000ea70  ftoa                    
0000ecfc  intToStr                
0000eedc  lcd_init                
0000e554  ldexp                   
0000e554  ldexpl                  
0000ee82  main                    
0000f308  memcpy                  
0000c000  pow                     
0000c000  powl                    
0000f37a  readWeight              
0000f0b6  reverse                 
0000e554  scalbn                  
0000e554  scalbnl                 
0000f216  send_command            
0000f238  send_data               
0000f046  send_nibble             
0000f2d0  send_string             
0000f2a6  set_data_pins           
0000d5e8  sqrt                    
0000d5e8  sqrtl                   


GLOBAL SYMBOLS: SORTED BY Symbol Address 

address   name                    
-------   ----                    
00000000  IE1                     
00000001  IE2                     
00000002  IFG1                    
00000003  IFG2                    
00000010  P3REN                   
00000018  P3IN                    
00000019  P3OUT                   
0000001a  P3DIR                   
0000001b  P3SEL                   
00000020  P1IN                    
00000021  P1OUT                   
00000022  P1DIR                   
00000023  P1IFG                   
00000024  P1IES                   
00000025  P1IE                    
00000026  P1SEL                   
00000027  P1REN                   
00000028  P2IN                    
00000029  P2OUT                   
0000002a  P2DIR                   
0000002b  P2IFG                   
0000002c  P2IES                   
0000002d  P2IE                    
0000002e  P2SEL                   
0000002f  P2REN                   
00000041  P1SEL2                  
00000042  P2SEL2                  
00000043  P3SEL2                  
00000048  ADC10DTC0               
00000049  ADC10DTC1               
0000004a  ADC10AE0                
00000050  __STACK_SIZE            
00000053  BCSCTL3                 
00000056  DCOCTL                  
00000057  BCSCTL1                 
00000058  BCSCTL2                 
00000059  CACTL1                  
0000005a  CACTL2                  
0000005b  CAPD                    
0000005d  UCA0ABCTL               
0000005e  UCA0IRTCTL              
0000005f  UCA0IRRCTL              
00000060  UCA0CTL0                
00000061  UCA0CTL1                
00000062  UCA0BR0                 
00000063  UCA0BR1                 
00000064  UCA0MCTL                
00000065  UCA0STAT                
00000066  UCA0RXBUF               
00000067  UCA0TXBUF               
00000068  UCB0CTL0                
00000069  UCB0CTL1                
0000006a  UCB0BR0                 
0000006b  UCB0BR1                 
0000006c  UCB0I2CIE               
0000006d  UCB0STAT                
0000006e  UCB0RXBUF               
0000006f  UCB0TXBUF               
00000118  UCB0I2COA               
0000011a  UCB0I2CSA               
0000011e  TA1IV                   
00000120  WDTCTL                  
00000128  FCTL1                   
0000012a  FCTL2                   
0000012c  FCTL3                   
0000012e  TA0IV                   
00000160  TA0CTL                  
00000162  TA0CCTL0                
00000164  TA0CCTL1                
00000166  TA0CCTL2                
00000170  TA0R                    
00000172  TA0CCR0                 
00000174  TA0CCR1                 
00000176  TA0CCR2                 
00000180  TA1CTL                  
00000182  TA1CCTL0                
00000184  TA1CCTL1                
00000186  TA1CCTL2                
00000190  TA1R                    
00000192  TA1CCR0                 
00000194  TA1CCR1                 
00000196  TA1CCR2                 
000001b0  ADC10CTL0               
000001b2  ADC10CTL1               
000001b4  ADC10MEM                
000001bc  ADC10SA                 
00000200  errno                   
000003b0  _stack                  
00000400  __STACK_END             
000010c0  TLV_CHECKSUM            
000010da  TLV_ADC10_1_TAG         
000010db  TLV_ADC10_1_LEN         
000010f6  TLV_DCO_30_TAG          
000010f7  TLV_DCO_30_LEN          
000010f8  CALDCO_16MHZ            
000010f9  CALBC1_16MHZ            
000010fa  CALDCO_12MHZ            
000010fb  CALBC1_12MHZ            
000010fc  CALDCO_8MHZ             
000010fd  CALBC1_8MHZ             
000010fe  CALDCO_1MHZ             
000010ff  CALBC1_1MHZ             
0000c000  pow                     
0000c000  powl                    
0000d168  __TI_frcdivd            
0000d5e8  sqrt                    
0000d5e8  sqrtl                   
0000d8e0  __mspabi_addd           
0000dbc8  __TI_frcmpyd            
0000de4e  __mspabi_mpyd           
0000e0bc  __TI_frcaddd            
0000e31c  __mspabi_divd           
0000e554  ldexp                   
0000e554  ldexpl                  
0000e554  scalbn                  
0000e554  scalbnl                 
0000e6f8  __mspabi_subf           
0000e6fe  __mspabi_addf           
0000e82a  __mspabi_cmpd           
0000e906  __TI_renormd            
0000e9c4  __mspabi_fltlid         
0000ea70  ftoa                    
0000eb14  __mspabi_cvtdf          
0000eba0  __TI_decompress_lzss    
0000ec1c  __mspabi_cvtfd          
0000ec8e  _auto_init              
0000ecfc  intToStr                
0000ed64  __mspabi_fixfi          
0000edcc  __mspabi_srll_15        
0000edd2  __mspabi_srll_14        
0000edd8  __mspabi_srll_13        
0000edde  __mspabi_srll_12        
0000ede4  __mspabi_srll_11        
0000edea  __mspabi_srll_10        
0000edf0  __mspabi_srll_9         
0000edf6  __mspabi_srll_8         
0000edfc  __mspabi_srll_7         
0000ee02  __mspabi_srll_6         
0000ee08  __mspabi_srll_5         
0000ee0e  __mspabi_srll_4         
0000ee14  __mspabi_srll_3         
0000ee1a  __mspabi_srll_2         
0000ee20  __mspabi_srll_1         
0000ee28  copy_in                 
0000ee82  main                    
0000eedc  lcd_init                
0000ef34  __mspabi_srli           
0000ef42  __mspabi_srli_15        
0000ef46  __mspabi_srli_14        
0000ef4a  __mspabi_srli_13        
0000ef4e  __mspabi_srli_12        
0000ef52  __mspabi_srli_11        
0000ef56  __mspabi_srli_10        
0000ef5a  __mspabi_srli_9         
0000ef5e  __mspabi_srli_8         
0000ef62  __mspabi_srli_7         
0000ef66  __mspabi_srli_6         
0000ef6a  __mspabi_srli_5         
0000ef6e  __mspabi_srli_4         
0000ef72  __mspabi_srli_3         
0000ef76  __mspabi_srli_2         
0000ef7a  __mspabi_srli_1         
0000ef80  __mspabi_cmpf           
0000efca  __mspabi_sral_15        
0000efce  __mspabi_sral_14        
0000efd2  __mspabi_sral_13        
0000efd6  __mspabi_sral_12        
0000efda  __mspabi_sral_11        
0000efde  __mspabi_sral_10        
0000efe2  __mspabi_sral_9         
0000efe6  __mspabi_sral_8         
0000efea  __mspabi_sral_7         
0000efee  __mspabi_sral_6         
0000eff2  __mspabi_sral_5         
0000eff6  __mspabi_sral_4         
0000effa  __mspabi_sral_3         
0000effe  __mspabi_sral_2         
0000f002  __mspabi_sral_1         
0000f008  __mspabi_slll_15        
0000f00c  __mspabi_slll_14        
0000f010  __mspabi_slll_13        
0000f014  __mspabi_slll_12        
0000f018  __mspabi_slll_11        
0000f01c  __mspabi_slll_10        
0000f020  __mspabi_slll_9         
0000f024  __mspabi_slll_8         
0000f028  __mspabi_slll_7         
0000f02c  __mspabi_slll_6         
0000f030  __mspabi_slll_5         
0000f034  __mspabi_slll_4         
0000f038  __mspabi_slll_3         
0000f03c  __mspabi_slll_2         
0000f040  __mspabi_slll_1         
0000f046  send_nibble             
0000f080  __mspabi_fltif          
0000f0b6  reverse                 
0000f0e6  __mspabi_subd           
0000f114  copysign                
0000f114  copysignl               
0000f142  __mspabi_srai           
0000f14e  __mspabi_srai_15        
0000f150  __mspabi_srai_14        
0000f152  __mspabi_srai_13        
0000f154  __mspabi_srai_12        
0000f156  __mspabi_srai_11        
0000f158  __mspabi_srai_10        
0000f15a  __mspabi_srai_9         
0000f15c  __mspabi_srai_8         
0000f15e  __mspabi_srai_7         
0000f160  __mspabi_srai_6         
0000f162  __mspabi_srai_5         
0000f164  __mspabi_srai_4         
0000f166  __mspabi_srai_3         
0000f168  __mspabi_srai_2         
0000f16a  __mspabi_srai_1         
0000f16e  __mspabi_divi           
0000f16e  __mspabi_remi           
0000f19a  __mspabi_slli           
0000f1a6  __mspabi_slli_15        
0000f1a8  __mspabi_slli_14        
0000f1aa  __mspabi_slli_13        
0000f1ac  __mspabi_slli_12        
0000f1ae  __mspabi_slli_11        
0000f1b0  __mspabi_slli_10        
0000f1b2  __mspabi_slli_9         
0000f1b4  __mspabi_slli_8         
0000f1b6  __mspabi_slli_7         
0000f1b8  __mspabi_slli_6         
0000f1ba  __mspabi_slli_5         
0000f1bc  __mspabi_slli_4         
0000f1be  __mspabi_slli_3         
0000f1c0  __mspabi_slli_2         
0000f1c2  __mspabi_slli_1         
0000f1c6  __mspabi_negd           
0000f1f0  __mspabi_mpyl           
0000f1f0  __mspabi_mpyl_sw        
0000f216  send_command            
0000f238  send_data               
0000f25a  check_busy              
0000f276  _c_int00_noargs_noexit  
0000f290  __mspabi_divu           
0000f290  __mspabi_remu           
0000f2a6  set_data_pins           
0000f2bc  __mspabi_mpyi           
0000f2bc  __mspabi_mpyi_sw        
0000f2d0  send_string             
0000f2e4  __TI_decompress_none    
0000f2f6  __mspabi_srll           
0000f308  memcpy                  
0000f31a  __mspabi_sral           
0000f32a  __mspabi_slll           
0000f33a  __mspabi_func_epilog_7  
0000f33c  __mspabi_func_epilog_6  
0000f33e  __mspabi_func_epilog_5  
0000f340  __mspabi_func_epilog_4  
0000f342  __mspabi_func_epilog_3  
0000f344  __mspabi_func_epilog_2  
0000f346  __mspabi_func_epilog_1  
0000f34a  ConfigureClockModule    
0000f358  data_comm               
0000f366  __mspabi_fltid          
0000f372  __TI_ISR_TRAP           
0000f37a  readWeight              
0000f382  C$$EXIT                 
0000f382  abort                   
0000f388  _system_pre_init        
0000f38c  _system_post_cinit      
0000f3de  __TI_Handler_Table_Base 
0000f3e2  __TI_CINIT_Base         
0000f3e2  __TI_Handler_Table_Limit
0000f3e6  __TI_CINIT_Limit        
0000ffe0  __TI_int00              
0000ffe4  __TI_int02              
0000ffe6  __TI_int03              
0000ffea  __TI_int05              
0000ffec  __TI_int06              
0000ffee  __TI_int07              
0000fff0  __TI_int08              
0000fff2  __TI_int09              
0000fff4  __TI_int10              
0000fff6  __TI_int11              
0000fff8  __TI_int12              
0000fffa  __TI_int13              
0000fffc  __TI_int14              
0000fffe  _reset_vector           
ffffffff  __TI_pprof_out_hndl     
ffffffff  __TI_prof_data_size     
ffffffff  __TI_prof_data_start    
ffffffff  __c_args__              
UNDEFED   __TI_BINIT_Base         
UNDEFED   __TI_BINIT_Limit        
UNDEFED   __TI_INITARRAY_Base     
UNDEFED   __TI_INITARRAY_Limit    

[293 symbols]
